-- This file is automatically generated. You should know what you did if you want to edit this
-- !jdbc_text --
1	\N	\N	true	\N	true	\N	true	\N	\N
10	"{\\"n\\":99999999999999999999999999999999999999}"	"{\\"n\\":99999999999999999999999999999999999999}"	false	\N	true	\N	true	\N	{"":"jsonb"}
11	"{\\"n\\":100000000000000000000000000000000000000}"	"{\\"n\\":100000000000000000000000000000000000000}"	false	\N	true	\N	true	\N	{"":"jsonb"}
2	{"array":[{"k":"v"},null],"present":1}	{"array":[{"k":"v"},null],"present":1}	false	\N	true	\N	true	1	{"array":"jsonb","present":"bigint"}
3	42	42	false	\N	true	\N	true	\N	{"":"jsonb"}
4	"quote \\" slash \\\\ unicode 雪"	"quote \\" slash \\\\ unicode 雪"	false	\N	true	\N	true	\N	{"":"jsonb"}
5	{"scientific":1250,"small":1e-06}	{"scientific":1250,"small":1e-06}	false	\N	true	\N	true	\N	{"scientific":"double","small":"double"}
6	{}	{}	false	\N	true	\N	true	\N	{}
7	{}	{}	false	\N	true	\N	true	\N	{}
8	{}	{}	false	\N	true	\N	true	\N	{}
9	[1,{"k":2},null]	[1,{"k":2},null]	false	\N	true	\N	true	\N	{"":"jsonb"}

-- !path_types --
1	\N	\N	\N	\N	\N
10	{"":"jsonb"}	\N	\N	\N	\N
11	{"":"jsonb"}	\N	\N	\N	\N
2	{"array":"jsonb","present":"bigint"}	{"":"bigint"}	{"":"jsonb"}	\N	\N
3	{"":"jsonb"}	\N	\N	\N	\N
4	{"":"jsonb"}	\N	\N	\N	\N
5	{"scientific":"double","small":"double"}	\N	\N	\N	\N
6	{}	\N	\N	\N	\N
7	{}	\N	\N	\N	\N
8	{}	\N	\N	\N	\N
9	{"":"jsonb"}	\N	\N	\N	\N

-- !json_length --
1	\N	\N	\N
2	2	2	1
3	1	\N	\N
4	1	\N	\N
5	2	\N	\N
6	0	\N	\N
7	0	\N	\N
8	0	\N	\N
9	3	\N	\N

-- !cast_string_root --
1	{"looks":"json"}	{"":"string"}
2	plain text	{"":"string"}

-- !largeint --
1	99999999999999999999999999999999999999	99999999999999999999999999999999999999	{"":"jsonb"}
2	100000000000000000000000000000000000000	100000000000000000000000000000000000000	{"":"jsonb"}
3	170141183460469231731687303715884105727	170141183460469231731687303715884105727	{"":"jsonb"}
4	-170141183460469231731687303715884105728	-170141183460469231731687303715884105728	{"":"jsonb"}

-- !duplicate_first_wins --
2	{"dup":1}	1	{"dup":"bigint"}

-- !csv_source --
1	object	{"csv_object":1}	{"csv_object":1}	{"":"jsonb","csv_object":"bigint"}	false
2	string	"csv text"	"csv text"	{"":"jsonb"}	false
3	json_null_input	""	""	{"":"jsonb"}	false
-- !csv_raw --
1	object	{"csv_object":1}	7B226373765F6F626A656374223A317D
2	string	"csv text"	22637376207465787422
3	json_null_input	""	2222

-- !csv_reload --
1	object	{"csv_object":1}	{"csv_object":1}	{"":"jsonb","csv_object":"bigint"}	false
2	string	"csv text"	"csv text"	{"":"jsonb"}	false
3	json_null_input	""	""	{"":"jsonb"}	false
